   Compiling rustls v0.23.36
   Compiling monoize v1.9.4 (/Users/ikaleio/Projects/monoize)
    Checking sqlx-core v0.8.6
    Checking tokio-rustls v0.26.4
    Checking tungstenite v0.28.0
    Checking rustls-platform-verifier v0.6.2
    Checking hyper-rustls v0.27.7
    Checking tokio-tungstenite v0.28.0
    Checking metrics-exporter-prometheus v0.18.1
    Checking reqwest v0.13.1
    Checking axum v0.8.8
    Checking sqlx-sqlite v0.8.6
    Checking sqlx-postgres v0.8.6
    Checking sqlx v0.8.6
    Checking sea-query-binder v0.7.0
    Checking sea-schema v0.16.2
    Checking sea-orm v1.1.19
    Checking sea-orm-migration v1.1.19
    Finished `dev` profile [unoptimized + debuginfo] target(s) in 30.58s
warning: the following packages contain code that will be rejected by a future version of Rust: proc-macro-error2 v2.0.1
note: to see what the problems were, use the option `--future-incompat-report`, or run `cargo report future-incompatibilities --id 1`
